Copying custom test runner to Julia test directory...
Running test suite (excluding SparseArrays tests)...
Excluded sparse-dependent tests for GPL-free build
Remaining tests: 220
Running parallel tests with (GPL-free build, SparseArrays excluded):
  getpid() = 6256
  nworkers() = 4
  nthreads() = 1
  Sys.CPU_THREADS = 4
  Sys.total_memory() = 16.000 GiB
  Sys.free_memory() = 12.568 GiB

Test                               (Worker) | Time (s) | GC (s) | GC % | Alloc (MB) | RSS (MB)
LinearAlgebra/addmul                    (3) |        started at 2025-07-23T12:38:46.783
LinearAlgebra/matmul                    (5) |        started at 2025-07-23T12:38:46.986
LinearAlgebra/bidiag                    (4) |        started at 2025-07-23T12:38:47.033
LinearAlgebra/triangular                (2) |        started at 2025-07-23T12:38:47.033
LinearAlgebra/matmul                    (5) |   670.45 |  11.01 |  1.6 |   40454.94 |  1006.94
LinearAlgebra/dense                     (5) |        started at 2025-07-23T12:49:58.129
LinearAlgebra/addmul                    (3) |   974.26 |   7.87 |  0.8 |   31648.45 |   980.67
LinearAlgebra/symmetric                 (3) |        started at 2025-07-23T12:55:01.564
LinearAlgebra/bidiag                    (4) |  1411.96 |  15.79 |  1.1 |   49445.21 |  1663.18
LinearAlgebra/diagonal                  (4) |        started at 2025-07-23T13:02:19.262
LinearAlgebra/dense                     (5) |   767.41 |   9.24 |  1.2 |   25974.24 |  1727.23
LinearAlgebra/special                   (5) |        started at 2025-07-23T13:02:45.552
LinearAlgebra/symmetric                 (3) |   673.00 |   8.68 |  1.3 |   24826.17 |  1654.44
LinearAlgebra/qr                        (3) |        started at 2025-07-23T13:06:14.586
LinearAlgebra/qr                        (3) |   208.28 |   2.31 |  1.1 |    7874.18 |  1975.28
LinearAlgebra/cholesky                  (3) |        started at 2025-07-23T13:09:42.878
LinearAlgebra/special                   (5) |   568.19 |   5.77 |  1.0 |   22169.18 |  1999.19
LinearAlgebra/blas                      (5) |        started at 2025-07-23T13:12:13.753
LinearAlgebra/diagonal                  (4) |   638.50 |  10.19 |  1.6 |   25530.60 |  2405.69
LinearAlgebra/lu                        (4) |        started at 2025-07-23T13:12:57.770
LinearAlgebra/blas                      (5) |    78.33 |   1.55 |  2.0 |    3835.11 |  2279.19
LinearAlgebra/uniformscaling            (5) |        started at 2025-07-23T13:13:32.090
LinearAlgebra/cholesky                  (3) |   242.13 |   1.86 |  0.8 |    6830.05 |  2127.44
LinearAlgebra/structuredbroadcast       (3) |        started at 2025-07-23T13:13:45.014
LinearAlgebra/uniformscaling            (5) |    72.20 |   0.73 |  1.0 |    2168.49 |  2598.08
LinearAlgebra/hessenberg                (5) |        started at 2025-07-23T13:14:44.284
LinearAlgebra/structuredbroadcast       (3) |   212.22 |   1.64 |  0.8 |    4879.86 |  2155.98
LinearAlgebra/svd                       (3) |        started at 2025-07-23T13:17:17.248
LinearAlgebra/hessenberg                (5) |   169.22 |   1.91 |  1.1 |    4554.39 |  2598.08
LinearAlgebra/eigen                     (5) |        started at 2025-07-23T13:17:33.516
LinearAlgebra/svd                       (3) |    97.17 |   1.35 |  1.4 |    4323.14 |  2297.76
LinearAlgebra/tridiag                   (3) |        started at 2025-07-23T13:18:54.418
LinearAlgebra/eigen                     (5) |    99.51 |   0.96 |  1.0 |    2843.07 |  2598.08
LinearAlgebra/lapack                    (5) |        started at 2025-07-23T13:19:13.038
LinearAlgebra/lapack                    (5) |    67.25 |   0.49 |  0.7 |    1643.83 |  2598.08
LinearAlgebra/lq                        (5) |        started at 2025-07-23T13:20:20.289
LinearAlgebra/lq                        (5) |    64.46 |   0.72 |  1.1 |    2100.03 |  2614.18
LinearAlgebra/adjtrans                  (5) |        started at 2025-07-23T13:21:24.759
LinearAlgebra/tridiag                   (3) |   157.43 |   1.91 |  1.2 |    5175.31 |  2468.34
LinearAlgebra/generic                   (3) |        started at 2025-07-23T13:21:31.863
LinearAlgebra/lu                        (4) |   549.39 |   4.14 |  0.8 |   12371.69 |  2570.73
LinearAlgebra/schur                     (4) |        started at 2025-07-23T13:22:07.175
LinearAlgebra/adjtrans                  (5) |    74.26 |   0.78 |  1.1 |    2511.33 |  2614.18
LinearAlgebra/bunchkaufman              (5) |        started at 2025-07-23T13:22:39.030
LinearAlgebra/schur                     (4) |    63.60 |   0.80 |  1.3 |    1870.40 |  2701.33
LinearAlgebra/givens                    (4) |        started at 2025-07-23T13:23:10.782
LinearAlgebra/generic                   (3) |   103.86 |   1.06 |  1.0 |    3149.36 |  2846.63
LinearAlgebra/pinv                      (3) |        started at 2025-07-23T13:23:15.728
LinearAlgebra/givens                    (4) |    16.31 |   0.83 |  5.1 |     512.18 |  2779.06
LinearAlgebra/factorization             (4) |        started at 2025-07-23T13:23:27.099
LinearAlgebra/factorization             (4) |     6.80 |   0.09 |  1.4 |     288.11 |  2779.06
LinearAlgebra/abstractq                 (4) |        started at 2025-07-23T13:23:33.901
LinearAlgebra/pinv                      (3) |    24.07 |   1.00 |  4.2 |    1162.32 |  2846.63
LinearAlgebra/ldlt                      (3) |        started at 2025-07-23T13:23:39.814
LinearAlgebra/ldlt                      (3) |     1.47 |   0.00 |  0.0 |      44.77 |  2846.63
LinearAlgebra/symmetriceigen            (3) |        started at 2025-07-23T13:23:41.283
LinearAlgebra/abstractq                 (4) |    16.17 |   0.18 |  1.1 |     545.32 |  2779.06
ambiguous                               (4) |        started at 2025-07-23T13:23:50.074
ambiguous                               (4) |         failed at 2025-07-23T13:24:00.289

LinearAlgebra/symmetriceigen            (3) |    24.11 |   0.24 |  1.0 |     673.64 |  2846.63
LinearAlgebra/bunchkaufman              (5) |   289.30 |  10.24 |  3.5 |   31910.48 |  3102.96
LinearAlgebra/triangular                (2) |  3183.69 |  45.58 |  1.4 |  158954.54 |  2994.83

Executing tests that run on node 1 only:
ccall                                   (1) |        started at 2025-07-23T13:31:52.644
ccall                                   (1) |    53.50 |  20.51 | 38.3 |     494.86 |   404.56
precompile                              (1) |        started at 2025-07-23T13:32:46.156
err = Base.IOError("rm(\"D:\\\\a\\\\_temp\\\\msys64\\\\tmp\\\\jl_dqfGKu\\\\compiled\\\\v1.11\"): directory not empty (ENOTEMPTY)", -4051)
err = Base.IOError("rm(\"D:\\\\a\\\\_temp\\\\msys64\\\\tmp\\\\jl_0Q5zp0\\\\compiled\\\\v1.11\"): directory not empty (ENOTEMPTY)", -4051)
err = Base.IOError("rm(\"D:\\\\a\\\\_temp\\\\msys64\\\\tmp\\\\jl_wkiVlf\\\\compiled\\\\v1.11\"): directory not empty (ENOTEMPTY)", -4051)
err = Base.IOError("rm(\"D:\\\\a\\\\_temp\\\\msys64\\\\tmp\\\\jl_Lw4Mt0\\\\compiled\\\\v1.11\"): directory not empty (ENOTEMPTY)", -4051)
err = Base.IOError("rm(\"D:\\\\a\\\\_temp\\\\msys64\\\\tmp\\\\jl_l0L1lI\\\\compiled\\\\v1.11\"): directory not empty (ENOTEMPTY)", -4051)
err = Base.IOError("rm(\"D:\\\\a\\\\_temp\\\\msys64\\\\tmp\\\\jl_KEshj5\\\\jl_jRF2Bg\\\\compiled\\\\v1.11\"): directory not empty (ENOTEMPTY)", -4051)
err = Base.IOError("rm(\"D:\\\\a\\\\_temp\\\\msys64\\\\tmp\\\\jl_Vgkw3d\\\\compiled\\\\v1.11\"): directory not empty (ENOTEMPTY)", -4051)
err = Base.IOError("rm(\"D:\\\\a\\\\_temp\\\\msys64\\\\tmp\\\\jl_rMIPTf\\\\compiled\\\\v1.11\"): directory not empty (ENOTEMPTY)", -4051)
err = Base.IOError("rm(\"D:\\\\a\\\\_temp\\\\msys64\\\\tmp\\\\jl_hz4XfB\\\\compiled\\\\v1.11\"): directory not empty (ENOTEMPTY)", -4051)
err = Base.IOError("rm(\"D:\\\\a\\\\_temp\\\\msys64\\\\tmp\\\\jl_mjoFsm\\\\compiled\\\\v1.11\"): directory not empty (ENOTEMPTY)", -4051)
err = Base.IOError("rm(\"D:\\\\a\\\\_temp\\\\msys64\\\\tmp\\\\jl_ayQ9TD\\\\compiled\\\\v1.11\"): directory not empty (ENOTEMPTY)", -4051)
err = Base.IOError("rm(\"D:\\\\a\\\\_temp\\\\msys64\\\\tmp\\\\jl_oTp85R\\\\compiled\\\\v1.11\"): directory not empty (ENOTEMPTY)", -4051)
err = Base.IOError("rm(\"D:\\\\a\\\\_temp\\\\msys64\\\\tmp\\\\jl_yjDYSH\\\\compiled\\\\v1.11\"): directory not empty (ENOTEMPTY)", -4051)
err = Base.IOError("rm(\"D:\\\\a\\\\_temp\\\\msys64\\\\tmp\\\\jl_912m5r\\\\compiled\\\\v1.11\"): directory not empty (ENOTEMPTY)", -4051)
err = Base.IOError("rm(\"D:\\\\a\\\\_temp\\\\msys64\\\\tmp\\\\jl_bUpHrN\\\\compiled\\\\v1.11\"): directory not empty (ENOTEMPTY)", -4051)
err = Base.IOError("rm(\"D:\\\\a\\\\_temp\\\\msys64\\\\tmp\\\\jl_iS0itX\\\\compiled\\\\v1.11\"): directory not empty (ENOTEMPTY)", -4051)
err = Base.IOError("rm(\"D:\\\\a\\\\_temp\\\\msys64\\\\tmp\\\\jl_Iuni4A\\\\compiled\\\\v1.11\"): directory not empty (ENOTEMPTY)", -4051)
err = Base.IOError("rm(\"D:\\\\a\\\\_temp\\\\msys64\\\\tmp\\\\jl_5Tvxtp\\\\compiled\\\\v1.11\"): directory not empty (ENOTEMPTY)", -4051)
err = Base.IOError("rm(\"D:\\\\a\\\\_temp\\\\msys64\\\\tmp\\\\jl_UGyOpA\\\\compiled\\\\v1.11\"): directory not empty (ENOTEMPTY)", -4051)
err = Base.IOError("rm(\"D:\\\\a\\\\_temp\\\\msys64\\\\tmp\\\\jl_y0nr2a\\\\compiled\\\\v1.11\"): directory not empty (ENOTEMPTY)", -4051)
err = Base.IOError("rm(\"D:\\\\a\\\\_temp\\\\msys64\\\\tmp\\\\jl_xgMHBe\\\\compiled\\\\v1.11\"): directory not empty (ENOTEMPTY)", -4051)
err = Base.IOError("rm(\"D:\\\\a\\\\_temp\\\\msys64\\\\tmp\\\\jl_t4xxBX\\\\compiled\\\\v1.11\"): directory not empty (ENOTEMPTY)", -4051)
err = Base.IOError("rm(\"D:\\\\a\\\\_temp\\\\msys64\\\\tmp\\\\jl_xfPYZE\\\\compiled\\\\v1.11\"): directory not empty (ENOTEMPTY)", -4051)
err = Base.IOError("rm(\"D:\\\\a\\\\_temp\\\\msys64\\\\tmp\\\\jl_oq0Dtp\\\\compiled\\\\v1.11\"): directory not empty (ENOTEMPTY)", -4051)
err = Base.IOError("rm(\"D:\\\\a\\\\_temp\\\\msys64\\\\tmp\\\\jl_N1yrCe\\\\compiled\\\\v1.11\"): directory not empty (ENOTEMPTY)", -4051)
err = Base.IOError("rm(\"D:\\\\a\\\\_temp\\\\msys64\\\\tmp\\\\jl_Bu6TZP\\\\compiled\\\\v1.11\"): directory not empty (ENOTEMPTY)", -4051)
err = Base.IOError("rm(\"D:\\\\a\\\\_temp\\\\msys64\\\\tmp\\\\jl_73ZnB5\\\\compiled\\\\v1.11\"): directory not empty (ENOTEMPTY)", -4051)
err = Base.IOError("rm(\"D:\\\\a\\\\_temp\\\\msys64\\\\tmp\\\\jl_objQNw\\\\compiled\\\\v1.11\"): directory not empty (ENOTEMPTY)", -4051)
err = Base.IOError("rm(\"D:\\\\a\\\\_temp\\\\msys64\\\\tmp\\\\jl_gUJZqX\\\\compiled\\\\v1.11\"): directory not empty (ENOTEMPTY)", -4051)
precompile                              (1) |         failed at 2025-07-23T13:34:30.918
Test Failed at D:\a\juliabuild\juliabuild\julia\test\precompile.jl:2173
  Expression: length(targets) > 1
   Evaluated: 1 > 1


SharedArrays                            (1) |        started at 2025-07-23T13:34:30.980
SharedArrays                            (1) |    35.69 |   0.86 |  2.4 |    1343.22 |   458.71
threads                                 (1) |        started at 2025-07-23T13:35:06.663
Precompiling TestPkg...
    453.3 ms  ✓ TestPkg
  1 dependency successfully precompiled in 0 seconds
Test Summary:                               |  Pass  Total   Time
threads_exec.jl with JULIA_NUM_THREADS == 1 | 40362  40362  31.7s
Test Summary:                               |  Pass  Total   Time
threads_exec.jl with JULIA_NUM_THREADS == 2 | 42110  42110  31.1s
Test Summary:                               |  Pass  Total   Time
threads_exec.jl with JULIA_NUM_THREADS == 4 | 45373  45373  32.3s
Test Summary:                               |  Pass  Total   Time
threads_exec.jl with JULIA_NUM_THREADS == 4 | 45374  45374  32.1s
threads                                 (1) |   190.82 |   0.02 |  0.0 |      75.97 |   458.71
Distributed                             (1) |        started at 2025-07-23T13:38:17.497
[ Info: SO_REUSEPORT is unsupported, skipping reuseport tests
Distributed                             (1) |   399.83 |   0.00 |  0.0 |      34.32 |   458.71
gc                                      (1) |        started at 2025-07-23T13:44:57.343
gc                                      (1) |    75.30 |   0.40 |  0.5 |      39.76 |   458.71
stress                                  (1) |        started at 2025-07-23T13:46:12.650
stress                                  (1) |     0.01 |   0.00 |  0.0 |       0.71 |   458.71
[ Info: Writing test result data to D:\a\juliabuild\juliabuild\julia\test

Test Summary:                              |   Pass  Fail  Error  Broken   Total      Time
  Overall                                  | 145613     1    183    5000  150797  53m09.8s
    LinearAlgebra/matmul                   |   1674                    3    1677  11m16.1s
    LinearAlgebra/addmul                   |   7083                 4959   12042  16m19.7s
    LinearAlgebra/bidiag                   |   7648                         7648  23m37.4s
    LinearAlgebra/dense                    |   8592                         8592  12m47.4s
    LinearAlgebra/symmetric                |   3157                         3157  11m13.0s
    LinearAlgebra/qr                       |   4785                         4785   3m28.3s
    LinearAlgebra/special                  |   4011                         4011   9m28.2s
    LinearAlgebra/diagonal                 |   3058                         3058  10m38.5s
    LinearAlgebra/blas                     |   1906                         1906   1m18.3s
    LinearAlgebra/cholesky                 |   2548                         2548   4m02.2s
    LinearAlgebra/uniformscaling           |    447                          447   1m12.2s
    LinearAlgebra/structuredbroadcast      |    686                          686   3m32.2s
    LinearAlgebra/hessenberg               |    688                          688   2m49.2s
    LinearAlgebra/svd                      |    606                          606   1m37.2s
    LinearAlgebra/eigen                    |   1111                         1111   1m39.5s
    LinearAlgebra/lapack                   |   1166                         1166   1m07.3s
    LinearAlgebra/lq                       |   2898                         2898   1m04.5s
    LinearAlgebra/tridiag                  |   1667                         1667   2m37.4s
    LinearAlgebra/lu                       |   1447                         1447   9m09.4s
    LinearAlgebra/adjtrans                 |    503                          503   1m14.3s
    LinearAlgebra/schur                    |    500                          500   1m03.6s
    LinearAlgebra/generic                  |    853                    1     854   1m43.8s
    LinearAlgebra/givens                   |   1995                         1995     16.3s
    LinearAlgebra/factorization            |     85                   16     101      6.8s
    LinearAlgebra/pinv                     |    500                          500     24.1s
    LinearAlgebra/ldlt                     |      8                            8      1.5s
    LinearAlgebra/abstractq                |    144                          144     16.2s
    ambiguous                              |     40            1              41     10.2s
    LinearAlgebra/symmetriceigen           |     41                           41     24.1s
    LinearAlgebra/bunchkaufman             |  41097                        41097   4m49.3s
    LinearAlgebra/triangular               |  38696                   16   38712  53m09.2s
    ccall                                  |   5412                         5412     55.0s
    precompile                             |    327     1              2     330   1m44.8s
    SharedArrays                           |    115                          115     35.7s
    threads                                |     52                    3      55   3m10.8s
    Distributed                            |     15                           15   6m39.8s
    gc                                     |     52                           52   1m15.3s
    stress                                 |                                   0      0.0s
    compiler/datastructures                |                   1               1          
    compiler/inference                     |                   1               1          
    compiler/effects                       |                   1               1          
    compiler/validation                    |                   1               1          
    compiler/ssair                         |                   1               1          
    compiler/irpasses                      |                   1               1          
    compiler/tarjan                        |                   1               1          
    compiler/codegen                       |                   1               1          
    compiler/inline                        |                   1               1          
    compiler/contextual                    |                   1               1          
    compiler/invalidation                  |                   1               1          
    compiler/AbstractInterpreter           |                   1               1          
    compiler/EscapeAnalysis/EscapeAnalysis |                   1               1          
    subarray                               |                   1               1          
    strings/basic                          |                   1               1          
    strings/search                         |                   1               1          
    strings/util                           |                   1               1          
    strings/io                             |                   1               1          
    strings/types                          |                   1               1          
    strings/annotated                      |                   1               1          
    unicode/utf8                           |                   1               1          
    core                                   |                   1               1          
    worlds                                 |                   1               1          
    atomics                                |                   1               1          
    keywordargs                            |                   1               1          
    numbers                                |                   1               1          
    subtype                                |                   1               1          
    char                                   |                   1               1          
    triplequote                            |                   1               1          
    intrinsics                             |                   1               1          
    dict                                   |                   1               1          
    hashing                                |                   1               1          
    iobuffer                               |                   1               1          
    staged                                 |                   1               1          
    offsetarray                            |                   1               1          
    arrayops                               |                   1               1          
    tuple                                  |                   1               1          
    reduce                                 |                   1               1          
    reducedim                              |                   1               1          
    abstractarray                          |                   1               1          
    intfuncs                               |                   1               1          
    simdloop                               |                   1               1          
    vecelement                             |                   1               1          
    rational                               |                   1               1          
    bitarray                               |                   1               1          
    copy                                   |                   1               1          
    math                                   |                   1               1          
    fastmath                               |                   1               1          
    functional                             |                   1               1          
    iterators                              |                   1               1          
    operators                              |                   1               1          
    ordering                               |                   1               1          
    path                                   |                   1               1          
    parse                                  |                   1               1          
    loading                                |                   1               1          
    gmp                                    |                   1               1          
    sorting                                |                   1               1          
    spawn                                  |                   1               1          
    backtrace                              |                   1               1          
    exceptions                             |                   1               1          
    file                                   |                   1               1          
    read                                   |                   1               1          
    version                                |                   1               1          
    namedtuple                             |                   1               1          
    mpfr                                   |                   1               1          
    broadcast                              |                   1               1          
    complex                                |                   1               1          
    floatapprox                            |                   1               1          
    reflection                             |                   1               1          
    regex                                  |                   1               1          
    float16                                |                   1               1          
    combinatorics                          |                   1               1          
    sysinfo                                |                   1               1          
    env                                    |                   1               1          
    rounding                               |                   1               1          
    ranges                                 |                   1               1          
    mod2pi                                 |                   1               1          
    euler                                  |                   1               1          
    show                                   |                   1               1          
    client                                 |                   1               1          
    terminfo                               |                   1               1          
    errorshow                              |                   1               1          
    sets                                   |                   1               1          
    goto                                   |                   1               1          
    llvmcall                               |                   1               1          
    llvmcall2                              |                   1               1          
    ryu                                    |                   1               1          
    some                                   |                   1               1          
    meta                                   |                   1               1          
    stacktraces                            |                   1               1          
    docs                                   |                   1               1          
    misc                                   |                   1               1          
    binaryplatforms                        |                   1               1          
    atexit                                 |                   1               1          
    enums                                  |                   1               1          
    cmdlineargs                            |                   1               1          
    int                                    |                   1               1          
    interpreter                            |                   1               1          
    checked                                |                   1               1          
    bitset                                 |                   1               1          
    floatfuncs                             |                   1               1          
    relocatedepot                          |                   1               1          
    boundscheck                            |                   1               1          
    error                                  |                   1               1          
    cartesian                              |                   1               1          
    osutils                                |                   1               1          
    channels                               |                   1               1          
    iostream                               |                   1               1          
    secretbuffer                           |                   1               1          
    specificity                            |                   1               1          
    reinterpretarray                       |                   1               1          
    syntax                                 |                   1               1          
    corelogging                            |                   1               1          
    missing                                |                   1               1          
    asyncmap                               |                   1               1          
    smallarrayshrink                       |                   1               1          
    opaque_closure                         |                   1               1          
    filesystem                             |                   1               1          
    download                               |                   1               1          
    scopedvalues                           |                   1               1          
    LibGit2/libgit2                        |                   1               1          
    Dates/accessors                        |                   1               1          
    Dates/adjusters                        |                   1               1          
    Dates/query                            |                   1               1          
    Dates/periods                          |                   1               1          
    Dates/ranges                           |                   1               1          
    Dates/rounding                         |                   1               1          
    Dates/types                            |                   1               1          
    Dates/io                               |                   1               1          
    Dates/arithmetic                       |                   1               1          
    Dates/conversions                      |                   1               1          
    ArgTools                               |                   1               1          
    Artifacts                              |                   1               1          
    Base64                                 |                   1               1          
    CRC32c                                 |                   1               1          
    CompilerSupportLibraries_jll           |                   1               1          
    DelimitedFiles                         |                   1               1          
    Downloads                              |                   1               1          
    FileWatching                           |                   1               1          
    Future                                 |                   1               1          
    GMP_jll                                |                   1               1          
    InteractiveUtils                       |                   1               1          
    LLD_jll                                |                   1               1          
    LLVMLibUnwind_jll                      |                   1               1          
    LazyArtifacts                          |                   1               1          
    LibCURL                                |                   1               1          
    LibCURL_jll                            |                   1               1          
    LibGit2_jll                            |                   1               1          
    LibSSH2_jll                            |                   1               1          
    LibUV_jll                              |                   1               1          
    LibUnwind_jll                          |                   1               1          
    Libdl                                  |                   1               1          
    Logging                                |                   1               1          
    MPFR_jll                               |                   1               1          
    Markdown                               |                   1               1          
    MbedTLS_jll                            |                   1               1          
    Mmap                                   |                   1               1          
    MozillaCACerts_jll                     |                   1               1          
    NetworkOptions                         |                   1               1          
    OpenBLAS_jll                           |                   1               1          
    OpenLibm_jll                           |                   1               1          
    PCRE2_jll                              |                   1               1          
    Printf                                 |                   1               1          
    Profile                                |                   1               1          
    REPL                                   |                   1               1          
    Random                                 |                   1               1          
    SHA                                    |                   1               1          
    Serialization                          |                   1               1          
    Sockets                                |                   1               1          
    Statistics                             |                   1               1          
    StyledStrings                          |                   1               1          
    TOML                                   |                   1               1          
    Tar                                    |                   1               1          
    Test                                   |                   1               1          
    UUIDs                                  |                   1               1          
    Unicode                                |                   1               1          
    Zlib_jll                               |                   1               1          
    dSFMT_jll                              |                   1               1          
    libLLVM_jll                            |                   1               1          
    libblastrampoline_jll                  |                   1               1          
    nghttp2_jll                            |                   1               1          
    p7zip_jll                              |                   1               1          
    FAILURE

182 tests were skipped due to failure.
The global RNG seed was 0xdafd0da84bf7bb2249d18bc8c8e8a355.

Error in testset ambiguous:
Error During Test at D:\a\juliabuild\juliabuild\julia\test\testdefs.jl:24
  Got exception outside of a @test
  LoadError: ParseError:
  # Error @ D:\a\juliabuild\juliabuild\julia\test\ambiguous.jl:187:74
      STDLIB_DIR = Sys.STDLIB
      STDLIBS = filter!(x -> x != "LinearAlgebra" && x != "SparseArrays" &&&& x != "SparseArrays" && # Some packages run this test themselves
  #                                                                        └┘ ── invalid identifier
  Stacktrace:
   [1] top-level scope
     @ D:\a\juliabuild\juliabuild\julia\test\ambiguous.jl:187
  in expression starting at D:\a\juliabuild\juliabuild\julia\test\ambiguous.jl:187
Error in testset precompile:
Test Failed at D:\a\juliabuild\juliabuild\julia\test\precompile.jl:2173
  Expression: length(targets) > 1
   Evaluated: 1 > 1

Error in testset compiler/datastructures:
Interrupted
Error in testset compiler/inference:
Interrupted
Error in testset compiler/effects:
Interrupted
Error in testset compiler/validation:
Interrupted
Error in testset compiler/ssair:
Interrupted
Error in testset compiler/irpasses:
Interrupted
Error in testset compiler/tarjan:
Interrupted
Error in testset compiler/codegen:
Interrupted
Error in testset compiler/inline:
Interrupted
Error in testset compiler/contextual:
Interrupted
Error in testset compiler/invalidation:
Interrupted
Error in testset compiler/AbstractInterpreter:
Interrupted
Error in testset compiler/EscapeAnalysis/EscapeAnalysis:
Interrupted
Error in testset subarray:
Interrupted
Error in testset strings/basic:
Interrupted
Error in testset strings/search:
Interrupted
Error in testset strings/util:
Interrupted
Error in testset strings/io:
Interrupted
Error in testset strings/types:
Interrupted
Error in testset strings/annotated:
Interrupted
Error in testset unicode/utf8:
Interrupted
Error in testset core:
Interrupted
Error in testset worlds:
Interrupted
Error in testset atomics:
Interrupted
Error in testset keywordargs:
Interrupted
Error in testset numbers:
Interrupted
Error in testset subtype:
Interrupted
Error in testset char:
Interrupted
Error in testset triplequote:
Interrupted
Error in testset intrinsics:
Interrupted
Error in testset dict:
Interrupted
Error in testset hashing:
Interrupted
Error in testset iobuffer:
Interrupted
Error in testset staged:
Interrupted
Error in testset offsetarray:
Interrupted
Error in testset arrayops:
Interrupted
Error in testset tuple:
Interrupted
Error in testset reduce:
Interrupted
Error in testset reducedim:
Interrupted
Error in testset abstractarray:
Interrupted
Error in testset intfuncs:
Interrupted
Error in testset simdloop:
Interrupted
Error in testset vecelement:
Interrupted
Error in testset rational:
Interrupted
Error in testset bitarray:
Interrupted
Error in testset copy:
Interrupted
Error in testset math:
Interrupted
Error in testset fastmath:
Interrupted
Error in testset functional:
Interrupted
Error in testset iterators:
Interrupted
Error in testset operators:
Interrupted
Error in testset ordering:
Interrupted
Error in testset path:
Interrupted
Error in testset parse:
Interrupted
Error in testset loading:
Interrupted
Error in testset gmp:
Interrupted
Error in testset sorting:
Interrupted
Error in testset spawn:
Interrupted
Error in testset backtrace:
Interrupted
Error in testset exceptions:
Interrupted
Error in testset file:
Interrupted
Error in testset read:
Interrupted
Error in testset version:
Interrupted
Error in testset namedtuple:
Interrupted
Error in testset mpfr:
Interrupted
Error in testset broadcast:
Interrupted
Error in testset complex:
Interrupted
Error in testset floatapprox:
Interrupted
Error in testset reflection:
Interrupted
Error in testset regex:
Interrupted
Error in testset float16:
Interrupted
Error in testset combinatorics:
Interrupted
Error in testset sysinfo:
Interrupted
Error in testset env:
Interrupted
Error in testset rounding:
Interrupted
Error in testset ranges:
Interrupted
Error in testset mod2pi:
Interrupted
Error in testset euler:
Interrupted
Error in testset show:
Interrupted
Error in testset client:
Interrupted
Error in testset terminfo:
Interrupted
Error in testset errorshow:
Interrupted
Error in testset sets:
Interrupted
Error in testset goto:
Interrupted
Error in testset llvmcall:
Interrupted
Error in testset llvmcall2:
Interrupted
Error in testset ryu:
Interrupted
Error in testset some:
Interrupted
Error in testset meta:
Interrupted
Error in testset stacktraces:
Interrupted
Error in testset docs:
Interrupted
Error in testset misc:
Interrupted
Error in testset binaryplatforms:
Interrupted
Error in testset atexit:
Interrupted
Error in testset enums:
Interrupted
Error in testset cmdlineargs:
Interrupted
Error in testset int:
Interrupted
Error in testset interpreter:
Interrupted
Error in testset checked:
Interrupted
Error in testset bitset:
Interrupted
Error in testset floatfuncs:
Interrupted
Error in testset relocatedepot:
Interrupted
Error in testset boundscheck:
Interrupted
Error in testset error:
Interrupted
Error in testset cartesian:
Interrupted
Error in testset osutils:
Interrupted
Error in testset channels:
Interrupted
Error in testset iostream:
Interrupted
Error in testset secretbuffer:
Interrupted
Error in testset specificity:
Interrupted
Error in testset reinterpretarray:
Interrupted
Error in testset syntax:
Interrupted
Error in testset corelogging:
Interrupted
Error in testset missing:
Interrupted
Error in testset asyncmap:
Interrupted
Error in testset smallarrayshrink:
Interrupted
Error in testset opaque_closure:
Interrupted
Error in testset filesystem:
Interrupted
Error in testset download:
Interrupted
Error in testset scopedvalues:
Interrupted
Error in testset LibGit2/libgit2:
Interrupted
Error in testset Dates/accessors:
Interrupted
Error in testset Dates/adjusters:
Interrupted
Error in testset Dates/query:
Interrupted
Error in testset Dates/periods:
Interrupted
Error in testset Dates/ranges:
Interrupted
Error in testset Dates/rounding:
Interrupted
Error in testset Dates/types:
Interrupted
Error in testset Dates/io:
Interrupted
Error in testset Dates/arithmetic:
Interrupted
Error in testset Dates/conversions:
Interrupted
Error in testset ArgTools:
Interrupted
Error in testset Artifacts:
Interrupted
Error in testset Base64:
Interrupted
Error in testset CRC32c:
Interrupted
Error in testset CompilerSupportLibraries_jll:
Interrupted
Error in testset DelimitedFiles:
Interrupted
Error in testset Downloads:
Interrupted
Error in testset FileWatching:
Interrupted
Error in testset Future:
Interrupted
Error in testset GMP_jll:
Interrupted
Error in testset InteractiveUtils:
Interrupted
Error in testset LLD_jll:
Interrupted
Error in testset LLVMLibUnwind_jll:
Interrupted
Error in testset LazyArtifacts:
Interrupted
Error in testset LibCURL:
Interrupted
Error in testset LibCURL_jll:
Interrupted
Error in testset LibGit2_jll:
Interrupted
Error in testset LibSSH2_jll:
Interrupted
Error in testset LibUV_jll:
Interrupted
Error in testset LibUnwind_jll:
Interrupted
Error in testset Libdl:
Interrupted
Error in testset Logging:
Interrupted
Error in testset MPFR_jll:
Interrupted
Error in testset Markdown:
Interrupted
Error in testset MbedTLS_jll:
Interrupted
Error in testset Mmap:
Interrupted
Error in testset MozillaCACerts_jll:
Interrupted
Error in testset NetworkOptions:
Interrupted
Error in testset OpenBLAS_jll:
Interrupted
Error in testset OpenLibm_jll:
Interrupted
Error in testset PCRE2_jll:
Interrupted
Error in testset Printf:
Interrupted
Error in testset Profile:
Interrupted
Error in testset REPL:
Interrupted
Error in testset Random:
Interrupted
Error in testset SHA:
Interrupted
Error in testset Serialization:
Interrupted
Error in testset Sockets:
Interrupted
Error in testset Statistics:
Interrupted
Error in testset StyledStrings:
Interrupted
Error in testset TOML:
Interrupted
Error in testset Tar:
Interrupted
Error in testset Test:
Interrupted
Error in testset UUIDs:
Interrupted
Error in testset Unicode:
Interrupted
Error in testset Zlib_jll:
Interrupted
Error in testset dSFMT_jll:
Interrupted
Error in testset libLLVM_jll:
Interrupted
Error in testset libblastrampoline_jll:
Interrupted
Error in testset nghttp2_jll:
Interrupted
Error in testset p7zip_jll:
Interrupted
ERROR: LoadError: Test run finished with errors
in expression starting at D:\a\juliabuild\juliabuild\julia\test\runtests_no_sparse.jl:129
┌ Warning: Failed to clean up temporary path "D:\\a\\_temp\\msys64\\tmp\\jl_73ZnB5"
│ Base.IOError("rm(\"D:\\\\a\\\\_temp\\\\msys64\\\\tmp\\\\jl_73ZnB5\\\\compiled\\\\v1.11\"): directory not empty (ENOTEMPTY)", -4051)
└ @ Base.Filesystem file.jl:571
┌ Warning: Failed to clean up temporary path "D:\\a\\_temp\\msys64\\tmp\\jl_Iuni4A"
│ Base.IOError("rm(\"D:\\\\a\\\\_temp\\\\msys64\\\\tmp\\\\jl_Iuni4A\\\\compiled\\\\v1.11\"): directory not empty (ENOTEMPTY)", -4051)
└ @ Base.Filesystem file.jl:571
┌ Warning: Failed to clean up temporary path "D:\\a\\_temp\\msys64\\tmp\\jl_y0nr2a"
│ Base.IOError("rm(\"D:\\\\a\\\\_temp\\\\msys64\\\\tmp\\\\jl_y0nr2a\\\\compiled\\\\v1.11\"): directory not empty (ENOTEMPTY)", -4051)
└ @ Base.Filesystem file.jl:571
┌ Warning: Failed to clean up temporary path "D:\\a\\_temp\\msys64\\tmp\\jl_xgMHBe"
│ Base.IOError("rm(\"D:\\\\a\\\\_temp\\\\msys64\\\\tmp\\\\jl_xgMHBe\\\\compiled\\\\v1.11\"): directory not empty (ENOTEMPTY)", -4051)
└ @ Base.Filesystem file.jl:571
┌ Warning: Failed to clean up temporary path "D:\\a\\_temp\\msys64\\tmp\\jl_Bu6TZP"
│ Base.IOError("rm(\"D:\\\\a\\\\_temp\\\\msys64\\\\tmp\\\\jl_Bu6TZP\\\\compiled\\\\v1.11\"): directory not empty (ENOTEMPTY)", -4051)
└ @ Base.Filesystem file.jl:571
┌ Warning: Failed to clean up temporary path "D:\\a\\_temp\\msys64\\tmp\\jl_hz4XfB"
│ Base.IOError("rm(\"D:\\\\a\\\\_temp\\\\msys64\\\\tmp\\\\jl_hz4XfB\\\\compiled\\\\v1.11\"): directory not empty (ENOTEMPTY)", -4051)
└ @ Base.Filesystem file.jl:571
┌ Warning: Failed to clean up temporary path "D:\\a\\_temp\\msys64\\tmp\\jl_KEshj5\\jl_jRF2Bg"
│ Base.IOError("rm(\"D:\\\\a\\\\_temp\\\\msys64\\\\tmp\\\\jl_KEshj5\\\\jl_jRF2Bg\\\\compiled\\\\v1.11\"): directory not empty (ENOTEMPTY)", -4051)
└ @ Base.Filesystem file.jl:571
┌ Warning: Failed to clean up temporary path "D:\\a\\_temp\\msys64\\tmp\\jl_t4xxBX"
│ Base.IOError("rm(\"D:\\\\a\\\\_temp\\\\msys64\\\\tmp\\\\jl_t4xxBX\\\\compiled\\\\v1.11\"): directory not empty (ENOTEMPTY)", -4051)
└ @ Base.Filesystem file.jl:571
┌ Warning: Failed to clean up temporary path "D:\\a\\_temp\\msys64\\tmp\\jl_wkiVlf"
│ Base.IOError("rm(\"D:\\\\a\\\\_temp\\\\msys64\\\\tmp\\\\jl_wkiVlf\\\\compiled\\\\v1.11\"): directory not empty (ENOTEMPTY)", -4051)
└ @ Base.Filesystem file.jl:571
┌ Warning: Failed to clean up temporary path "D:\\a\\_temp\\msys64\\tmp\\jl_objQNw"
│ Base.IOError("rm(\"D:\\\\a\\\\_temp\\\\msys64\\\\tmp\\\\jl_objQNw\\\\compiled\\\\v1.11\"): directory not empty (ENOTEMPTY)", -4051)
└ @ Base.Filesystem file.jl:571
┌ Warning: Failed to clean up temporary path "D:\\a\\_temp\\msys64\\tmp\\jl_0Q5zp0"
│ Base.IOError("rm(\"D:\\\\a\\\\_temp\\\\msys64\\\\tmp\\\\jl_0Q5zp0\\\\compiled\\\\v1.11\"): directory not empty (ENOTEMPTY)", -4051)
└ @ Base.Filesystem file.jl:571
┌ Warning: Failed to clean up temporary path "D:\\a\\_temp\\msys64\\tmp\\jl_oq0Dtp"
│ Base.IOError("rm(\"D:\\\\a\\\\_temp\\\\msys64\\\\tmp\\\\jl_oq0Dtp\\\\compiled\\\\v1.11\"): directory not empty (ENOTEMPTY)", -4051)
└ @ Base.Filesystem file.jl:571
┌ Warning: Failed to clean up temporary path "D:\\a\\_temp\\msys64\\tmp\\jl_Vgkw3d"
│ Base.IOError("rm(\"D:\\\\a\\\\_temp\\\\msys64\\\\tmp\\\\jl_Vgkw3d\\\\compiled\\\\v1.11\"): directory not empty (ENOTEMPTY)", -4051)
└ @ Base.Filesystem file.jl:571
┌ Warning: Failed to clean up temporary path "D:\\a\\_temp\\msys64\\tmp\\jl_912m5r"
│ Base.IOError("rm(\"D:\\\\a\\\\_temp\\\\msys64\\\\tmp\\\\jl_912m5r\\\\compiled\\\\v1.11\"): directory not empty (ENOTEMPTY)", -4051)
└ @ Base.Filesystem file.jl:571
┌ Warning: Failed to clean up temporary path "D:\\a\\_temp\\msys64\\tmp\\jl_oTp85R"
│ Base.IOError("rm(\"D:\\\\a\\\\_temp\\\\msys64\\\\tmp\\\\jl_oTp85R\\\\compiled\\\\v1.11\"): directory not empty (ENOTEMPTY)", -4051)
└ @ Base.Filesystem file.jl:571
┌ Warning: Failed to clean up temporary path "D:\\a\\_temp\\msys64\\tmp\\jl_mjoFsm"
│ Base.IOError("rm(\"D:\\\\a\\\\_temp\\\\msys64\\\\tmp\\\\jl_mjoFsm\\\\compiled\\\\v1.11\"): directory not empty (ENOTEMPTY)", -4051)
└ @ Base.Filesystem file.jl:571
┌ Warning: Failed to clean up temporary path "D:\\a\\_temp\\msys64\\tmp\\jl_iS0itX"
│ Base.IOError("rm(\"D:\\\\a\\\\_temp\\\\msys64\\\\tmp\\\\jl_iS0itX\\\\compiled\\\\v1.11\"): directory not empty (ENOTEMPTY)", -4051)
└ @ Base.Filesystem file.jl:571
┌ Warning: Failed to clean up temporary path "D:\\a\\_temp\\msys64\\tmp\\jl_Lw4Mt0"
│ Base.IOError("rm(\"D:\\\\a\\\\_temp\\\\msys64\\\\tmp\\\\jl_Lw4Mt0\\\\compiled\\\\v1.11\"): directory not empty (ENOTEMPTY)", -4051)
└ @ Base.Filesystem file.jl:571
┌ Warning: Failed to clean up temporary path "D:\\a\\_temp\\msys64\\tmp\\jl_rMIPTf"
│ Base.IOError("rm(\"D:\\\\a\\\\_temp\\\\msys64\\\\tmp\\\\jl_rMIPTf\\\\compiled\\\\v1.11\"): directory not empty (ENOTEMPTY)", -4051)
└ @ Base.Filesystem file.jl:571
┌ Warning: Failed to clean up temporary path "D:\\a\\_temp\\msys64\\tmp\\jl_xfPYZE"
│ Base.IOError("rm(\"D:\\\\a\\\\_temp\\\\msys64\\\\tmp\\\\jl_xfPYZE\\\\compiled\\\\v1.11\"): directory not empty (ENOTEMPTY)", -4051)
└ @ Base.Filesystem file.jl:571
┌ Warning: Failed to clean up temporary path "D:\\a\\_temp\\msys64\\tmp\\jl_bUpHrN"
│ Base.IOError("rm(\"D:\\\\a\\\\_temp\\\\msys64\\\\tmp\\\\jl_bUpHrN\\\\compiled\\\\v1.11\"): directory not empty (ENOTEMPTY)", -4051)
└ @ Base.Filesystem file.jl:571
┌ Warning: Failed to clean up temporary path "D:\\a\\_temp\\msys64\\tmp\\jl_N1yrCe"
│ Base.IOError("rm(\"D:\\\\a\\\\_temp\\\\msys64\\\\tmp\\\\jl_N1yrCe\\\\compiled\\\\v1.11\"): directory not empty (ENOTEMPTY)", -4051)
└ @ Base.Filesystem file.jl:571
┌ Warning: Failed to clean up temporary path "D:\\a\\_temp\\msys64\\tmp\\jl_UGyOpA"
│ Base.IOError("rm(\"D:\\\\a\\\\_temp\\\\msys64\\\\tmp\\\\jl_UGyOpA\\\\compiled\\\\v1.11\"): directory not empty (ENOTEMPTY)", -4051)
└ @ Base.Filesystem file.jl:571
┌ Warning: Failed to clean up temporary path "D:\\a\\_temp\\msys64\\tmp\\jl_KEshj5"
│ Base.IOError("rm(\"D:\\\\a\\\\_temp\\\\msys64\\\\tmp\\\\jl_KEshj5\\\\jl_jRF2Bg\\\\compiled\\\\v1.11\"): directory not empty (ENOTEMPTY)", -4051)
└ @ Base.Filesystem file.jl:571
┌ Warning: Failed to clean up temporary path "D:\\a\\_temp\\msys64\\tmp\\jl_gUJZqX"
│ Base.IOError("rm(\"D:\\\\a\\\\_temp\\\\msys64\\\\tmp\\\\jl_gUJZqX\\\\compiled\\\\v1.11\"): directory not empty (ENOTEMPTY)", -4051)
└ @ Base.Filesystem file.jl:571
┌ Warning: Failed to clean up temporary path "D:\\a\\_temp\\msys64\\tmp\\jl_5Tvxtp"
│ Base.IOError("rm(\"D:\\\\a\\\\_temp\\\\msys64\\\\tmp\\\\jl_5Tvxtp\\\\compiled\\\\v1.11\"): directory not empty (ENOTEMPTY)", -4051)
└ @ Base.Filesystem file.jl:571
┌ Warning: Failed to clean up temporary path "D:\\a\\_temp\\msys64\\tmp\\jl_yjDYSH"
│ Base.IOError("rm(\"D:\\\\a\\\\_temp\\\\msys64\\\\tmp\\\\jl_yjDYSH\\\\compiled\\\\v1.11\"): directory not empty (ENOTEMPTY)", -4051)
└ @ Base.Filesystem file.jl:571
┌ Warning: Failed to clean up temporary path "D:\\a\\_temp\\msys64\\tmp\\jl_ayQ9TD"
│ Base.IOError("rm(\"D:\\\\a\\\\_temp\\\\msys64\\\\tmp\\\\jl_ayQ9TD\\\\compiled\\\\v1.11\"): directory not empty (ENOTEMPTY)", -4051)
└ @ Base.Filesystem file.jl:571
┌ Warning: Failed to clean up temporary path "D:\\a\\_temp\\msys64\\tmp\\jl_l0L1lI"
│ Base.IOError("rm(\"D:\\\\a\\\\_temp\\\\msys64\\\\tmp\\\\jl_l0L1lI\\\\compiled\\\\v1.11\"): directory not empty (ENOTEMPTY)", -4051)
└ @ Base.Filesystem file.jl:571
┌ Warning: Failed to clean up temporary path "D:\\a\\_temp\\msys64\\tmp\\jl_dqfGKu"
│ Base.IOError("rm(\"D:\\\\a\\\\_temp\\\\msys64\\\\tmp\\\\jl_dqfGKu\\\\compiled\\\\v1.11\"): directory not empty (ENOTEMPTY)", -4051)
└ @ Base.Filesystem file.jl:571
Error: Process completed with exit code 1.